\BOOKMARK [1][-]{section.1}{\376\377\000I\000n\000t\000r\000o\000d\000u\000c\000t\000i\000o\000n}{}% 1
\BOOKMARK [1][-]{section.2}{\376\377\000B\000a\000c\000k\000g\000r\000o\000u\000n\000d\000\040\000a\000n\000d\000\040\000R\000e\000l\000a\000t\000e\000d\000\040\000W\000o\000r\000k}{}% 2
\BOOKMARK [2][-]{subsection.2.1}{\376\377\000B\000P\000E\000\040\000T\000o\000k\000e\000n\000i\000z\000a\000t\000i\000o\000n}{section.2}% 3
\BOOKMARK [2][-]{subsection.2.2}{\376\377\000B\000i\000n\000a\000r\000y\000-\000t\000o\000-\000T\000e\000x\000t\000\040\000E\000n\000c\000o\000d\000i\000n\000g\000\040\000f\000o\000r\000\040\000L\000L\000M\000s}{section.2}% 4
\BOOKMARK [1][-]{section.3}{\376\377\000N\000o\000n\000-\000M\000e\000r\000g\000i\000n\000g\000\040\000A\000t\000o\000m\000i\000c\000\040\000T\000o\000k\000e\000n\000s}{}% 5
\BOOKMARK [2][-]{subsection.3.1}{\376\377\000F\000o\000r\000m\000a\000l\000\040\000D\000e\000f\000i\000n\000i\000t\000i\000o\000n\000s}{section.3}% 6
\BOOKMARK [2][-]{subsection.3.2}{\376\377\000E\000m\000p\000i\000r\000i\000c\000a\000l\000\040\000E\000n\000u\000m\000e\000r\000a\000t\000i\000o\000n}{section.3}% 7
\BOOKMARK [2][-]{subsection.3.3}{\376\377\000T\000h\000e\000\040\000S\000p\000a\000c\000e\000-\000P\000r\000e\000f\000i\000x\000\040\000M\000e\000c\000h\000a\000n\000i\000s\000m}{section.3}% 8
\BOOKMARK [1][-]{section.4}{\376\377\000E\000n\000c\000o\000d\000i\000n\000g\000\040\000M\000o\000d\000e\000s}{}% 9
\BOOKMARK [2][-]{subsection.4.1}{\376\377\000S\000t\000a\000n\000d\000a\000r\000d\000\040\000M\000o\000d\000e\000\040\000\050\000B\000y\000t\000e\000T\000o\000k\000e\000n\000E\000n\000c\000o\000d\000e\000r\000,\000\040\0001\0005\000-\000b\000i\000t\000\051}{section.4}% 10
\BOOKMARK [2][-]{subsection.4.2}{\376\377\000U\000n\000i\000v\000e\000r\000s\000a\000l\000\040\000M\000o\000d\000e\000\040\000\050\000U\000n\000i\000v\000e\000r\000s\000a\000l\000B\000y\000t\000e\000T\000o\000k\000e\000n\000E\000n\000c\000o\000d\000e\000r\000,\000\040\0001\0003\000-\000b\000i\000t\000\051}{section.4}% 11
\BOOKMARK [2][-]{subsection.4.3}{\376\377\000D\000i\000r\000e\000c\000t\000\040\000I\000D\000\040\000M\000o\000d\000e\000\040\000\050\000D\000i\000r\000e\000c\000t\000I\000D\000E\000n\000c\000o\000d\000e\000r\000,\000\040\0001\0006\040\023\0001\0007\000\040\000b\000i\000t\000\051}{section.4}% 12
\BOOKMARK [1][-]{section.5}{\376\377\000F\000o\000r\000m\000a\000l\000\040\000P\000r\000o\000o\000f\000s}{}% 13
\BOOKMARK [2][-]{subsection.5.1}{\376\377\000O\000p\000t\000i\000m\000a\000l\000i\000t\000y\000\040\000o\000f\000\040\0001\0005\000-\000b\000i\000t\000\040\000\050\000S\000t\000r\000i\000n\000g\000\040\000M\000o\000d\000e\000\051}{section.5}% 14
\BOOKMARK [2][-]{subsection.5.2}{\376\377\000O\000p\000t\000i\000m\000a\000l\000i\000t\000y\000\040\000o\000f\000\040\0001\0007\000-\000b\000i\000t\000\040\000\050\000D\000i\000r\000e\000c\000t\000\040\000I\000D\000\040\000M\000o\000d\000e\000\051}{section.5}% 15
\BOOKMARK [2][-]{subsection.5.3}{\376\377\000C\000o\000m\000p\000u\000t\000a\000t\000i\000o\000n\000a\000l\000\040\000C\000o\000m\000p\000l\000e\000x\000i\000t\000y}{section.5}% 16
\BOOKMARK [2][-]{subsection.5.4}{\376\377\000B\000P\000E\000\040\000F\000r\000a\000g\000m\000e\000n\000t\000a\000t\000i\000o\000n\000\040\000M\000a\000p}{section.5}% 17
\BOOKMARK [1][-]{section.6}{\376\377\000E\000x\000p\000e\000r\000i\000m\000e\000n\000t\000s\000\040\000a\000n\000d\000\040\000R\000e\000s\000u\000l\000t\000s}{}% 18
\BOOKMARK [2][-]{subsection.6.1}{\376\377\000C\000o\000r\000e\000\040\000B\000e\000n\000c\000h\000m\000a\000r\000k\000s}{section.6}% 19
\BOOKMARK [2][-]{subsection.6.2}{\376\377\000S\000t\000r\000e\000a\000m\000i\000n\000g\000\040\000\046\000\040\000A\000P\000I\000\040\000S\000i\000m\000u\000l\000a\000t\000i\000o\000n}{section.6}% 20
\BOOKMARK [2][-]{subsection.6.3}{\376\377\000E\000n\000c\000o\000d\000e\000/\000D\000e\000c\000o\000d\000e\000\040\000P\000e\000r\000f\000o\000r\000m\000a\000n\000c\000e}{section.6}% 21
\BOOKMARK [2][-]{subsection.6.4}{\376\377\000A\000b\000l\000a\000t\000i\000o\000n\000\040\000S\000t\000u\000d\000y\000:\000\040\000C\000o\000m\000p\000r\000e\000s\000s\000i\000o\000n\000\040\000v\000s\000.\000\040\000E\000n\000c\000o\000d\000i\000n\000g}{section.6}% 22
\BOOKMARK [2][-]{subsection.6.5}{\376\377\000E\000d\000g\000e\000\040\000C\000a\000s\000e\000\040\000A\000n\000a\000l\000y\000s\000i\000s}{section.6}% 23
\BOOKMARK [1][-]{section.7}{\376\377\000C\000o\000m\000p\000a\000r\000i\000s\000o\000n\000\040\000w\000i\000t\000h\000\040\000P\000r\000i\000o\000r\000\040\000A\000r\000t}{}% 24
\BOOKMARK [1][-]{section.8}{\376\377\000L\000i\000m\000i\000t\000a\000t\000i\000o\000n\000s}{}% 25
\BOOKMARK [2][-]{subsection.8.1}{\376\377\000T\000o\000k\000e\000n\000i\000z\000e\000r\000\040\000\046\000\040\000P\000r\000o\000t\000o\000c\000o\000l\000\040\000F\000r\000a\000g\000i\000l\000i\000t\000y}{section.8}% 26
\BOOKMARK [2][-]{subsection.8.2}{\376\377\000T\000h\000e\000o\000r\000e\000t\000i\000c\000a\000l\000\040\000G\000a\000p\000s}{section.8}% 27
\BOOKMARK [2][-]{subsection.8.3}{\376\377\000E\000n\000g\000i\000n\000e\000e\000r\000i\000n\000g\000\040\000L\000i\000m\000i\000t\000a\000t\000i\000o\000n\000s}{section.8}% 28
\BOOKMARK [2][-]{subsection.8.4}{\376\377\000E\000c\000o\000s\000y\000s\000t\000e\000m\000\040\000\046\000\040\000C\000o\000m\000p\000e\000t\000i\000t\000i\000v\000e\000\040\000R\000i\000s\000k\000s}{section.8}% 29
\BOOKMARK [1][-]{section.9}{\376\377\000E\000t\000h\000i\000c\000s\000\040\000a\000n\000d\000\040\000B\000r\000o\000a\000d\000e\000r\000\040\000I\000m\000p\000a\000c\000t}{}% 30
\BOOKMARK [1][-]{section.10}{\376\377\000E\000x\000t\000e\000n\000d\000e\000d\000\040\000E\000x\000p\000e\000r\000i\000m\000e\000n\000t\000a\000l\000\040\000R\000e\000s\000u\000l\000t\000s}{}% 31
\BOOKMARK [2][-]{subsection.10.1}{\376\377\000A\000d\000a\000p\000t\000i\000v\000e\000\040\000E\000n\000c\000o\000d\000i\000n\000g\000\040\000\050\000F\000i\000n\000d\000i\000n\000g\000\040\0002\0000\000\051}{section.10}% 32
\BOOKMARK [2][-]{subsection.10.2}{\376\377\000B\000L\000T\000\040\000B\000r\000i\000d\000g\000e\000\040\000P\000r\000o\000t\000o\000c\000o\000l\000\040\000\050\000F\000i\000n\000d\000i\000n\000g\000\040\0002\0001\000\051}{section.10}% 33
\BOOKMARK [2][-]{subsection.10.3}{\376\377\000M\000u\000l\000t\000i\000-\000T\000o\000k\000e\000n\000\040\000P\000r\000e\000d\000i\000c\000t\000i\000o\000n\000\040\000S\000a\000f\000e\000t\000y\000\040\000\050\000F\000i\000n\000d\000i\000n\000g\000\040\0002\0002\000\051}{section.10}% 34
\BOOKMARK [2][-]{subsection.10.4}{\376\377\000M\000u\000l\000t\000i\000m\000o\000d\000a\000l\000\040\000S\000a\000f\000e\000t\000y\000\040\000\050\000F\000i\000n\000d\000i\000n\000g\000\040\0002\0003\000\051}{section.10}% 35
\BOOKMARK [2][-]{subsection.10.5}{\376\377\000I\000n\000f\000o\000r\000m\000a\000t\000i\000o\000n\000-\000T\000h\000e\000o\000r\000e\000t\000i\000c\000\040\000O\000p\000t\000i\000m\000a\000l\000i\000t\000y\000\040\000\050\000F\000i\000n\000d\000i\000n\000g\000\040\0002\0004\000\051}{section.10}% 36
\BOOKMARK [2][-]{subsection.10.6}{\376\377\000B\000P\000E\000-\000D\000r\000o\000p\000o\000u\000t\000\040\000R\000o\000b\000u\000s\000t\000n\000e\000s\000s\000\040\000\050\000F\000i\000n\000d\000i\000n\000g\000\040\0002\0005\000\051}{section.10}% 37
\BOOKMARK [2][-]{subsection.10.7}{\376\377\000M\000e\000m\000o\000r\000y\000-\000E\000f\000f\000i\000c\000i\000e\000n\000t\000\040\000D\000i\000s\000c\000o\000v\000e\000r\000y\000\040\000\050\000F\000i\000n\000d\000i\000n\000g\000\040\0002\0006\000\051}{section.10}% 38
\BOOKMARK [1][-]{section.11}{\376\377\000C\000o\000n\000c\000l\000u\000s\000i\000o\000n}{}% 39
\BOOKMARK [2][-]{subsection.11.1}{\376\377\000F\000u\000t\000u\000r\000e\000\040\000W\000o\000r\000k\000:\000\040\0006\000-\000M\000o\000n\000t\000h\000\040\000R\000o\000a\000d\000m\000a\000p\000\040\000\050\000M\000a\000r\000c\000h\040\023\000S\000e\000p\000t\000e\000m\000b\000e\000r\000\040\0002\0000\0002\0006\000\051}{section.11}% 40
\BOOKMARK [2][-]{subsection.11.2}{\376\377\000C\000o\000m\000p\000e\000t\000i\000t\000i\000v\000e\000\040\000L\000a\000n\000d\000s\000c\000a\000p\000e}{section.11}% 41
\BOOKMARK [1][-]{appendix.A}{\376\377\000E\000x\000p\000e\000r\000i\000m\000e\000n\000t\000a\000l\000\040\000R\000e\000p\000r\000o\000d\000u\000c\000i\000b\000i\000l\000i\000t\000y}{}% 42
\BOOKMARK [2][-]{subsection.A.1}{\376\377\000E\000n\000v\000i\000r\000o\000n\000m\000e\000n\000t}{appendix.A}% 43
